\BOOKMARK [1][-]{section.1}{\376\377\000I\000n\000t\000r\000o\000d\000u\000c\000t\000i\000o\000n}{}% 1
\BOOKMARK [1][-]{section.2}{\376\377\000R\000e\000l\000a\000t\000e\000d\000\040\000W\000o\000r\000k}{}% 2
\BOOKMARK [1][-]{section.3}{\376\377\000D\000a\000t\000a\000s\000e\000t\000\040\000a\000n\000d\000\040\000E\000x\000p\000e\000r\000i\000m\000e\000n\000t\000a\000l\000\040\000S\000e\000t\000u\000p}{}% 3
\BOOKMARK [1][-]{section.4}{\376\377\000M\000e\000t\000h\000o\000d}{}% 4
\BOOKMARK [2][-]{subsection.4.1}{\376\377\000S\000h\000a\000r\000e\000d\000\040\000F\000r\000o\000n\000t\000e\000n\000d\000:\000\040\000C\000S\000B\000r\000a\000i\000n\000\040\000E\000n\000c\000o\000d\000e\000r\000\040\000a\000n\000d\000\040\000E\000E\000G\000T\000o\000k\000e\000n\000R\000e\000d\000u\000c\000e\000r}{section.4}% 5
\BOOKMARK [2][-]{subsection.4.2}{\376\377\000P\000i\000p\000e\000l\000i\000n\000e\000\040\0002\000:\000\040\000L\000a\000n\000g\000u\000a\000g\000e\000-\000M\000e\000d\000i\000a\000t\000e\000d\000\040\000G\000e\000n\000e\000r\000a\000t\000i\000o\000n\000\040\000\050\000E\000E\000G\000-\000L\000L\000M\000\051}{section.4}% 6
\BOOKMARK [2][-]{subsection.4.3}{\376\377\000P\000i\000p\000e\000l\000i\000n\000e\000\040\0003\000:\000\040\000E\000E\000G\000C\000L\000I\000P\000M\000a\000p\000p\000e\000r\000\040\000\050\000E\000E\000G\000-\000C\000L\000I\000P\000\051}{section.4}% 7
\BOOKMARK [2][-]{subsection.4.4}{\376\377\000T\000w\000o\000-\000P\000h\000a\000s\000e\000\040\000T\000r\000a\000i\000n\000i\000n\000g}{section.4}% 8
\BOOKMARK [1][-]{section.5}{\376\377\000E\000x\000p\000e\000r\000i\000m\000e\000n\000t\000s}{}% 9
\BOOKMARK [2][-]{subsection.5.1}{\376\377\000E\000E\000G\000\040\000D\000e\000c\000o\000d\000i\000n\000g\000\040\000A\000c\000c\000u\000r\000a\000c\000y}{section.5}% 10
\BOOKMARK [2][-]{subsection.5.2}{\376\377\000C\000o\000m\000p\000a\000r\000i\000s\000o\000n\000\040\000w\000i\000t\000h\000\040\000P\000r\000i\000o\000r\000\040\000W\000o\000r\000k}{section.5}% 11
\BOOKMARK [2][-]{subsection.5.3}{\376\377\000P\000e\000r\000-\000C\000l\000a\000s\000s\000\040\000A\000n\000a\000l\000y\000s\000i\000s}{section.5}% 12
\BOOKMARK [2][-]{subsection.5.4}{\376\377\000I\000m\000a\000g\000e\000\040\000Q\000u\000a\000l\000i\000t\000y}{section.5}% 13
\BOOKMARK [2][-]{subsection.5.5}{\376\377\000A\000n\000a\000l\000y\000s\000i\000s\000:\000\040\000W\000h\000y\000\040\000C\000L\000I\000P\000\040\000I\000m\000a\000g\000e\000\040\000E\000m\000b\000e\000d\000d\000i\000n\000g\000s\000\040\000O\000u\000t\000p\000e\000r\000f\000o\000r\000m\000\040\000T\000e\000x\000t}{section.5}% 14
\BOOKMARK [1][-]{section.6}{\376\377\000D\000i\000s\000c\000u\000s\000s\000i\000o\000n\000\040\000a\000n\000d\000\040\000C\000o\000n\000c\000l\000u\000s\000i\000o\000n}{}% 15
\BOOKMARK [1][-]{appendix.A}{\376\377\000H\000y\000p\000e\000r\000p\000a\000r\000a\000m\000e\000t\000e\000r\000\040\000C\000o\000n\000f\000i\000g\000u\000r\000a\000t\000i\000o\000n\000s}{}% 16
\BOOKMARK [1][-]{appendix.B}{\376\377\000D\000a\000t\000a\000s\000e\000t\000\040\000C\000l\000a\000s\000s\000\040\000M\000a\000p\000p\000i\000n\000g}{}% 17
\BOOKMARK [1][-]{appendix.C}{\376\377\000E\000E\000G\000\040\000C\000h\000a\000n\000n\000e\000l\000\040\000G\000r\000o\000u\000p\000s}{}% 18
\BOOKMARK [1][-]{appendix.D}{\376\377\000P\000e\000r\000-\000C\000l\000a\000s\000s\000\040\000A\000c\000c\000u\000r\000a\000c\000y\000\040\000T\000a\000b\000l\000e}{}% 19
\BOOKMARK [1][-]{appendix.E}{\376\377\000Q\000u\000a\000l\000i\000t\000a\000t\000i\000v\000e\000\040\000R\000e\000s\000u\000l\000t\000s\000\040\000a\000n\000d\000\040\000F\000a\000i\000l\000u\000r\000e\000\040\000M\000o\000d\000e\000\040\000A\000n\000a\000l\000y\000s\000i\000s}{}% 20
\BOOKMARK [1][-]{appendix.F}{\376\377\000P\000e\000r\000-\000S\000u\000b\000j\000e\000c\000t\000\040\000T\000e\000s\000t\000\040\000A\000c\000c\000u\000r\000a\000c\000y}{}% 21
\BOOKMARK [1][-]{appendix.G}{\376\377\000E\000E\000G\000\040\000P\000r\000e\000p\000r\000o\000c\000e\000s\000s\000i\000n\000g\000\040\000P\000i\000p\000e\000l\000i\000n\000e}{}% 22
